// Jest Snapshot v1, https://goo.gl/fbAQLP

exports[`Add doctor component should render correctly 1`] = `
Object {
  "asFragment": [Function],
  "baseElement": <body>
    <div>
      <div
        class="add-doctor-form"
      >
        <p />
        <p
          class="add-doctor-title"
        >
          Add a doctor
        </p>
        <div
          class="inputs"
        >
          <input
            class="name-doctor-input"
            placeholder="Name"
            type="text"
            value=""
          />
          <input
            class="specialization-input"
            placeholder="Specialization"
            type="text"
            value=""
          />
          <input
            class="city-input"
            placeholder="City"
            type="text"
            value=""
          />
          <input
            class="fee-input"
            placeholder="Charging fee $"
            type="text"
            value=""
          />
          <input
            class="photo-input"
            placeholder="Photo Link"
            type="text"
            value=""
          />
          <input
            class="experience-input"
            placeholder="Years of experience"
            type="text"
            value=""
          />
          <button
            class="add-doctor-button"
            type="button"
          >
            Add doctor
          </button>
          <a
            class="link back-doctors"
            href="/main"
          >
            Back to Doctors
          </a>
        </div>
      </div>
    </div>
  </body>,
  "container": <div>
    <div
      class="add-doctor-form"
    >
      <p />
      <p
        class="add-doctor-title"
      >
        Add a doctor
      </p>
      <div
        class="inputs"
      >
        <input
          class="name-doctor-input"
          placeholder="Name"
          type="text"
          value=""
        />
        <input
          class="specialization-input"
          placeholder="Specialization"
          type="text"
          value=""
        />
        <input
          class="city-input"
          placeholder="City"
          type="text"
          value=""
        />
        <input
          class="fee-input"
          placeholder="Charging fee $"
          type="text"
          value=""
        />
        <input
          class="photo-input"
          placeholder="Photo Link"
          type="text"
          value=""
        />
        <input
          class="experience-input"
          placeholder="Years of experience"
          type="text"
          value=""
        />
        <button
          class="add-doctor-button"
          type="button"
        >
          Add doctor
        </button>
        <a
          class="link back-doctors"
          href="/main"
        >
          Back to Doctors
        </a>
      </div>
    </div>
  </div>,
  "debug": [Function],
  "findAllByAltText": [Function],
  "findAllByDisplayValue": [Function],
  "findAllByLabelText": [Function],
  "findAllByPlaceholderText": [Function],
  "findAllByRole": [Function],
  "findAllByTestId": [Function],
  "findAllByText": [Function],
  "findAllByTitle": [Function],
  "findByAltText": [Function],
  "findByDisplayValue": [Function],
  "findByLabelText": [Function],
  "findByPlaceholderText": [Function],
  "findByRole": [Function],
  "findByTestId": [Function],
  "findByText": [Function],
  "findByTitle": [Function],
  "getAllByAltText": [Function],
  "getAllByDisplayValue": [Function],
  "getAllByLabelText": [Function],
  "getAllByPlaceholderText": [Function],
  "getAllByRole": [Function],
  "getAllByTestId": [Function],
  "getAllByText": [Function],
  "getAllByTitle": [Function],
  "getByAltText": [Function],
  "getByDisplayValue": [Function],
  "getByLabelText": [Function],
  "getByPlaceholderText": [Function],
  "getByRole": [Function],
  "getByTestId": [Function],
  "getByText": [Function],
  "getByTitle": [Function],
  "queryAllByAltText": [Function],
  "queryAllByDisplayValue": [Function],
  "queryAllByLabelText": [Function],
  "queryAllByPlaceholderText": [Function],
  "queryAllByRole": [Function],
  "queryAllByTestId": [Function],
  "queryAllByText": [Function],
  "queryAllByTitle": [Function],
  "queryByAltText": [Function],
  "queryByDisplayValue": [Function],
  "queryByLabelText": [Function],
  "queryByPlaceholderText": [Function],
  "queryByRole": [Function],
  "queryByTestId": [Function],
  "queryByText": [Function],
  "queryByTitle": [Function],
  "rerender": [Function],
  "unmount": [Function],
}
`;
