// Jest Snapshot v1, https://goo.gl/fbAQLP

exports[`Login component should render correctly 1`] = `
Object {
  "asFragment": [Function],
  "baseElement": <body>
    <div>
      <div
        class="sign-in-form"
      >
        <h1
          class="sign-in-title"
        >
           Welcome, please sign in to continue
        </h1>
        <p />
        <div
          class="sign-in-inputs"
        >
          <input
            class="email-input"
            placeholder="Email"
            type="email"
            value=""
          />
          <input
            class="password-input"
            placeholder="Password"
            type="password"
            value=""
          />
        </div>
        <div
          class="btn"
        >
          <button
            class="sign-in-button"
            type="button"
          >
            Sign In
          </button>
          <button
            class="sign-out-button"
            type="button"
          >
            Sign Out
          </button>
        </div>
      </div>
    </div>
  </body>,
  "container": <div>
    <div
      class="sign-in-form"
    >
      <h1
        class="sign-in-title"
      >
         Welcome, please sign in to continue
      </h1>
      <p />
      <div
        class="sign-in-inputs"
      >
        <input
          class="email-input"
          placeholder="Email"
          type="email"
          value=""
        />
        <input
          class="password-input"
          placeholder="Password"
          type="password"
          value=""
        />
      </div>
      <div
        class="btn"
      >
        <button
          class="sign-in-button"
          type="button"
        >
          Sign In
        </button>
        <button
          class="sign-out-button"
          type="button"
        >
          Sign Out
        </button>
      </div>
    </div>
  </div>,
  "debug": [Function],
  "findAllByAltText": [Function],
  "findAllByDisplayValue": [Function],
  "findAllByLabelText": [Function],
  "findAllByPlaceholderText": [Function],
  "findAllByRole": [Function],
  "findAllByTestId": [Function],
  "findAllByText": [Function],
  "findAllByTitle": [Function],
  "findByAltText": [Function],
  "findByDisplayValue": [Function],
  "findByLabelText": [Function],
  "findByPlaceholderText": [Function],
  "findByRole": [Function],
  "findByTestId": [Function],
  "findByText": [Function],
  "findByTitle": [Function],
  "getAllByAltText": [Function],
  "getAllByDisplayValue": [Function],
  "getAllByLabelText": [Function],
  "getAllByPlaceholderText": [Function],
  "getAllByRole": [Function],
  "getAllByTestId": [Function],
  "getAllByText": [Function],
  "getAllByTitle": [Function],
  "getByAltText": [Function],
  "getByDisplayValue": [Function],
  "getByLabelText": [Function],
  "getByPlaceholderText": [Function],
  "getByRole": [Function],
  "getByTestId": [Function],
  "getByText": [Function],
  "getByTitle": [Function],
  "queryAllByAltText": [Function],
  "queryAllByDisplayValue": [Function],
  "queryAllByLabelText": [Function],
  "queryAllByPlaceholderText": [Function],
  "queryAllByRole": [Function],
  "queryAllByTestId": [Function],
  "queryAllByText": [Function],
  "queryAllByTitle": [Function],
  "queryByAltText": [Function],
  "queryByDisplayValue": [Function],
  "queryByLabelText": [Function],
  "queryByPlaceholderText": [Function],
  "queryByRole": [Function],
  "queryByTestId": [Function],
  "queryByText": [Function],
  "queryByTitle": [Function],
  "rerender": [Function],
  "unmount": [Function],
}
`;
